// Jest Snapshot v1, https://goo.gl/fbAQLP

exports[`<Example /> renders a JSON example 1`] = `
<div
  className={undefined}
  onMouseEnter={[Function]}
  onMouseLeave={[Function]}
>
  <div
    className=""
  >
    <span
      onClick={[Function]}
      onMouseOver={[Function]}
      title="Copy to Clipboard"
    >
      Copy
    </span>
  </div>
  <pre>
    {
  "message": "hi"
}
  </pre>
</div>
`;

exports[`<Example /> renders a string example 1`] = `
<div
  className={undefined}
  onMouseEnter={[Function]}
  onMouseLeave={[Function]}
>
  <div
    className=""
  >
    <span
      onClick={[Function]}
      onMouseOver={[Function]}
      title="Copy to Clipboard"
    >
      Copy
    </span>
    <span
      onClick={[Function]}
    >
      Expand All
    </span>
    <span
      onClick={[Function]}
    >
      Collapse All
    </span>
  </div>
  <pre>
    &lt;message&gt;hi&lt;/message&gt;
  </pre>
</div>
`;

exports[`<Example /> renders nothing when there is no examples passed 1`] = `null`;
