// Jest Snapshot v1, https://goo.gl/fbAQLP

exports[`<Header /> renders contact information (email) 1`] = `
<header
  className={undefined}
  id="header"
>
  <h1>
    Swagger Petstore
  </h1>
  <dl
    className={undefined}
  >
    <dt>
      Version
    </dt>
    <dd>
      1.0.0
    </dd>
    <dt>
      Contact
    </dt>
    <dd>
      <a
        href="mailto:hello@example.org"
        rel="noopener noreferrer"
        target="_blank"
      >
        hello@example.org
      </a>
    </dd>
  </dl>
  <nav>
    <a
      href="https://temando.github.io/open-api-renderer/petstore-open-api-v3.0.0-RC1.json"
      rel="noopener noreferrer"
      target="_blank"
    >
      Download OpenAPI definition
    </a>
  </nav>
</header>
`;

exports[`<Header /> renders contact information (name) 1`] = `
<header
  className={undefined}
  id="header"
>
  <h1>
    Swagger Petstore
  </h1>
  <dl
    className={undefined}
  >
    <dt>
      Version
    </dt>
    <dd>
      1.0.0
    </dd>
    <dt>
      Contact
    </dt>
    <dd>
      ACME Company
    </dd>
  </dl>
  <nav>
    <a
      href="https://temando.github.io/open-api-renderer/petstore-open-api-v3.0.0-RC1.json"
      rel="noopener noreferrer"
      target="_blank"
    >
      Download OpenAPI definition
    </a>
  </nav>
</header>
`;

exports[`<Header /> renders contact information (name, url) 1`] = `
<header
  className={undefined}
  id="header"
>
  <h1>
    Swagger Petstore
  </h1>
  <dl
    className={undefined}
  >
    <dt>
      Version
    </dt>
    <dd>
      1.0.0
    </dd>
    <dt>
      Contact
    </dt>
    <dd>
      <a
        href="http://example.org"
        rel="noopener noreferrer"
        target="_blank"
      >
        ACME Company
      </a>
    </dd>
  </dl>
  <nav>
    <a
      href="https://temando.github.io/open-api-renderer/petstore-open-api-v3.0.0-RC1.json"
      rel="noopener noreferrer"
      target="_blank"
    >
      Download OpenAPI definition
    </a>
  </nav>
</header>
`;

exports[`<Header /> renders contact information (name, url, email) 1`] = `
<header
  className={undefined}
  id="header"
>
  <h1>
    Swagger Petstore
  </h1>
  <dl
    className={undefined}
  >
    <dt>
      Version
    </dt>
    <dd>
      1.0.0
    </dd>
    <dt>
      Contact
    </dt>
    <dd>
      <a
        href="http://example.org"
        rel="noopener noreferrer"
        target="_blank"
      >
        ACME Company
      </a>
      (hello@example.org)
    </dd>
  </dl>
  <nav>
    <a
      href="https://temando.github.io/open-api-renderer/petstore-open-api-v3.0.0-RC1.json"
      rel="noopener noreferrer"
      target="_blank"
    >
      Download OpenAPI definition
    </a>
  </nav>
</header>
`;

exports[`<Header /> renders contact information (url) 1`] = `
<header
  className={undefined}
  id="header"
>
  <h1>
    Swagger Petstore
  </h1>
  <dl
    className={undefined}
  >
    <dt>
      Version
    </dt>
    <dd>
      1.0.0
    </dd>
    <dt>
      Contact
    </dt>
    <dd>
      <a
        href="http://example.org"
        rel="noopener noreferrer"
        target="_blank"
      >
        http://example.org
      </a>
    </dd>
  </dl>
  <nav>
    <a
      href="https://temando.github.io/open-api-renderer/petstore-open-api-v3.0.0-RC1.json"
      rel="noopener noreferrer"
      target="_blank"
    >
      Download OpenAPI definition
    </a>
  </nav>
</header>
`;

exports[`<Header /> renders description 1`] = `
<header
  className={undefined}
  id="header"
>
  <h1>
    Swagger Petstore
  </h1>
  <dl
    className={undefined}
  >
    <dt>
      Version
    </dt>
    <dd>
      1.0.0
    </dd>
  </dl>
  <div
    className=""
    dangerouslySetInnerHTML={
      Object {
        "__html": "<p>Hello world</p>
",
      }
    }
  />
  <nav>
    <a
      href="https://temando.github.io/open-api-renderer/petstore-open-api-v3.0.0-RC1.json"
      rel="noopener noreferrer"
      target="_blank"
    >
      Download OpenAPI definition
    </a>
  </nav>
</header>
`;

exports[`<Header /> renders docs 1`] = `
<header
  className={undefined}
  id="header"
>
  <h1>
    Swagger Petstore
  </h1>
  <dl
    className={undefined}
  >
    <dt>
      Version
    </dt>
    <dd>
      1.0.0
    </dd>
  </dl>
  <nav>
    <a
      href="https://temando.github.io/open-api-renderer/petstore-open-api-v3.0.0-RC1.json"
      rel="noopener noreferrer"
      target="_blank"
    >
      Download OpenAPI definition
    </a>
  </nav>
  <div
    className=""
  >
    <div
      className=""
      dangerouslySetInnerHTML={
        Object {
          "__html": "<p>Hello</p>
",
        }
      }
    />
    <a
      href="http://example.org"
      rel="noopener noreferrer"
      target="_blank"
    >
      More information Â»
    </a>
  </div>
</header>
`;

exports[`<Header /> renders header with minimum props 1`] = `
<header
  className={undefined}
  id="header"
>
  <h1>
    Swagger Petstore
  </h1>
  <dl
    className={undefined}
  >
    <dt>
      Version
    </dt>
    <dd>
      1.0.0
    </dd>
  </dl>
  <nav>
    <a
      href="https://temando.github.io/open-api-renderer/petstore-open-api-v3.0.0-RC1.json"
      rel="noopener noreferrer"
      target="_blank"
    >
      Download OpenAPI definition
    </a>
  </nav>
</header>
`;

exports[`<Header /> renders license information (name) 1`] = `
<header
  className={undefined}
  id="header"
>
  <h1>
    Swagger Petstore
  </h1>
  <dl
    className={undefined}
  >
    <dt>
      Version
    </dt>
    <dd>
      1.0.0
    </dd>
    <dt>
      License
    </dt>
    <dd>
      Apache 2.0
    </dd>
  </dl>
  <nav>
    <a
      href="https://temando.github.io/open-api-renderer/petstore-open-api-v3.0.0-RC1.json"
      rel="noopener noreferrer"
      target="_blank"
    >
      Download OpenAPI definition
    </a>
  </nav>
</header>
`;

exports[`<Header /> renders license information (name, url) 1`] = `
<header
  className={undefined}
  id="header"
>
  <h1>
    Swagger Petstore
  </h1>
  <dl
    className={undefined}
  >
    <dt>
      Version
    </dt>
    <dd>
      1.0.0
    </dd>
    <dt>
      License
    </dt>
    <dd>
      <a
        href="http://www.apache.org/licenses/LICENSE-2.0.html"
        rel="noopener noreferrer"
        target="_blank"
      >
        Apache 2.0
      </a>
    </dd>
  </dl>
  <nav>
    <a
      href="https://temando.github.io/open-api-renderer/petstore-open-api-v3.0.0-RC1.json"
      rel="noopener noreferrer"
      target="_blank"
    >
      Download OpenAPI definition
    </a>
  </nav>
</header>
`;
